// Jest Snapshot v1, https://goo.gl/fbAQLP

exports[`<Settings /> renders correctly 1`] = `
<withI18nextTranslation(WithStyles(Connect(Main)))
  id="settings"
>
  <div
    className=""
  >
    <WithStyles(ForwardRef(Typography))
      color="inherit"
      variant="h5"
    >
      Settings
    </WithStyles(ForwardRef(Typography))>
    <WithStyles(ForwardRef(FormGroup))>
      <withI18nextTranslation(WithStyles(Connect(LanguageSelect))) />
      <withI18nextTranslation(WithStyles(Connect(GeolocationControl))) />
      <withI18nextTranslation(WithStyles(Connect(SyncAdvancedSwitch))) />
      <withI18nextTranslation(WithStyles(Connect(StudentModeSwitch))) />
      <withI18nextTranslation(WithStyles(Connect(DeveloperSwitch))) />
    </WithStyles(ForwardRef(FormGroup))>
  </div>
</withI18nextTranslation(WithStyles(Connect(Main)))>
`;
